State 8 conflicts: 2 shift/reduce
State 9 conflicts: 2 shift/reduce


Grammar

    0 $accept: program $end

    1 program: expr '\n'

    2 expr: INTEGER
    3     | expr '+' expr
    4     | expr '-' expr


Terminals, with rules where they appear

$end (0) 0
'\n' (10) 1
'+' (43) 3
'-' (45) 4
error (256)
INTEGER (258) 2


Nonterminals, with rules where they appear

$accept (7)
    on left: 0
program (8)
    on left: 1, on right: 0
expr (9)
    on left: 2 3 4, on right: 1 3 4


state 0

    0 $accept: . program $end

    INTEGER  shift, and go to state 1

    program  go to state 2
    expr     go to state 3


state 1

    2 expr: INTEGER .

    $default  reduce using rule 2 (expr)


state 2

    0 $accept: program . $end

    $end  shift, and go to state 4


state 3

    1 program: expr . '\n'
    3 expr: expr . '+' expr
    4     | expr . '-' expr

    '\n'  shift, and go to state 5
    '+'   shift, and go to state 6
    '-'   shift, and go to state 7


state 4

    0 $accept: program $end .

    $default  accept


state 5

    1 program: expr '\n' .

    $default  reduce using rule 1 (program)


state 6

    3 expr: expr '+' . expr

    INTEGER  shift, and go to state 1

    expr  go to state 8


state 7

    4 expr: expr '-' . expr

    INTEGER  shift, and go to state 1

    expr  go to state 9


state 8

    3 expr: expr . '+' expr
    3     | expr '+' expr .
    4     | expr . '-' expr

    '+'  shift, and go to state 6
    '-'  shift, and go to state 7

    '+'       [reduce using rule 3 (expr)]
    '-'       [reduce using rule 3 (expr)]
    $default  reduce using rule 3 (expr)


state 9

    3 expr: expr . '+' expr
    4     | expr . '-' expr
    4     | expr '-' expr .

    '+'  shift, and go to state 6
    '-'  shift, and go to state 7

    '+'       [reduce using rule 4 (expr)]
    '-'       [reduce using rule 4 (expr)]
    $default  reduce using rule 4 (expr)
